dead register definition at offset: 0xc: -> delete; nothing reads a5 (2 bytes) (1 instructions)
  li a5, 0

dead register definition at offset: 0x12: -> delete; nothing reads a5 (2 bytes) (1 instructions)
  li a5, 0

dead register definition at offset: 0x18: -> delete; nothing reads a5 (2 bytes) (1 instructions)
  li a5, 0

dead register definition at offset: 0x20: -> delete; nothing reads a5 (2 bytes) (1 instructions)
  li a5, 0

dead register definition at offset: 0x2a: -> delete; nothing reads a5 (2 bytes) (1 instructions)
  li a5, 0

dead register definition at offset: 0x42: -> delete; nothing reads a5 (2 bytes) (1 instructions)
  li a5, 0

dead register definition at offset: 0x4a: -> delete; nothing reads a5 (2 bytes) (1 instructions)
  li a5, 0

dead register definition at offset: 0x64: -> delete; nothing reads a5 (2 bytes) (1 instructions)
  li a5, 0

dead register definition at offset: 0x6e: -> delete; nothing reads a5 (2 bytes) (1 instructions)
  li a5, 0

dead register definition at offset: 0x76: -> delete; nothing reads a5 (2 bytes) (1 instructions)
  li a5, 0

Optimization opportunities by type:
      10  dead register definition

10 optimization opportunities in 49 instructions
