note: slli_add_forced_zba.o: -m overrides the arch declared in the object
slli + add foldable to shNadd at offset: 0x0: -> sh2add s0, t2, t2 (6 -> 4 bytes) (2 instructions)
  slli s0, t2, 2
  add s0, s0, t2

slli + add foldable to shNadd at offset: 0x6: -> sh3add s0, s0, t2 (4 -> 4 bytes) (2 instructions)
  slli s0, s0, 3
  add s0, s0, t2

Optimization opportunities by type:
       2  slli + add foldable to shNadd

2 optimization opportunities in 5 instructions
